################################################################################
#                                                                              #
#      IAR Universal Linker V6.5.0.91                                          #
#                                                                              #
#           Link time     =  31/Jul/2017  21:16:25                             #
#           Target CPU    =  MSP430                                            #
#           List file     =  "D:\IAR Systems\BG-Sensor-master\PPG\Debug\List\P #
#                            PG.map"                                           #
#           Output file 1 =  "D:\IAR Systems\BG-Sensor-master\PPG\Debug\Exe\PP #
#                            G.d43"                                            #
#                            Format: ubrof10                                   #
#                            UBROF version 10.0.6                              #
#                            Using library modules for C-SPY (-rt)             #
#           Command line  =  -f                                                #
#                            C:\Users\Walter\AppData\Local\Temp\EW58BD.tmp     #
#                            ("D:\IAR Systems\BG-Sensor-master\PPG\Debug\Obj\A #
#                            DC.r43"                                           #
#                            "D:\IAR Systems\BG-Sensor-master\PPG\Debug\Obj\GP #
#                            IO.r43"                                           #
#                            "D:\IAR Systems\BG-Sensor-master\PPG\Debug\Obj\ma #
#                            in.r43"                                           #
#                            "D:\IAR Systems\BG-Sensor-master\PPG\Debug\Obj\TI #
#                            MER.r43"                                          #
#                            "D:\IAR Systems\BG-Sensor-master\PPG\Debug\Obj\UA #
#                            RT.r43"                                           #
#                            -o                                                #
#                            "D:\IAR Systems\BG-Sensor-master\PPG\Debug\Exe\PP #
#                            G.d43"                                            #
#                            -l                                                #
#                            "D:\IAR Systems\BG-Sensor-master\PPG\Debug\List\P #
#                            PG.map"                                           #
#                            -xms "-ID:\IAR Systems\430\LIB\" -f               #
#                            "D:\IAR Systems\430\config\linker\lnk430f5438a.xc #
#                            l"                                                #
#                            (-cmsp430 -D?CPU30_OFFSET=2 -QCODE_I=CODE_ID      #
#                            -QTLS16_I=TLS16_ID -D__iar_HWMUL=4C0              #
#                            -Z(CONST)INFO=1800-19FF                           #
#                            -Z(CONST)INFOA=1980-19FF                          #
#                            -Z(CONST)INFOB=1900-197F                          #
#                            -Z(CONST)INFOC=1880-18FF                          #
#                            -Z(CONST)INFOD=1800-187F                          #
#                            -Z(DATA)DATA16_I,DATA16_Z,DATA16_N,TLS16_I=1C00-5 #
#                            BFF                                               #
#                            -Z(DATA)DATA16_HEAP+_DATA16_HEAP_SIZE             #
#                            -Z(DATA)CODE_I                                    #
#                            -Z(DATA)DATA20_I,DATA20_Z,DATA20_N,DATA20_HEAP+_D #
#                            ATA20_HEAP_SIZE                                   #
#                            -Z(DATA)CSTACK+_STACK_SIZE#                       #
#                            -Z(CONST)DATA16_C,DATA16_ID,TLS16_ID,DIFUNCT,CHEC #
#                            KSUM=5C00-FF7F                                    #
#                            -Z(CODE)CSTART,ISR_CODE,CODE16=5C00-FF7F          #
#                            -P(CODE)CODE=5C00-FF7F,10000-45BFF                #
#                            -Z(CONST)DATA20_C,DATA20_ID,CODE_ID=5C00-FF7F,100 #
#                            40-45BFF                                          #
#                            -Z(CODE)INTVEC=FF80-FFFF                          #
#                            -Z(CODE)RESET=FFFE-FFFF) -f                       #
#                            "D:\IAR Systems\430\config\linker\multiplier32.xc #
#                            l"                                                #
#                            (-e?Mul8Hw=?Mul8 -e?Mul16Hw=?Mul16                #
#                            -e?Mul16to32uHw=?Mul16to32u                       #
#                            -e?Mul16to32sHw=?Mul16to32s -e?Mul32Hw32=?Mul32   #
#                            -e?Mul64Hw32=_Mul64i                              #
#                            -e?Mul32u32uto64iHw32=_Mul32u32uto64i             #
#                            -e?Mul32fHw32=_Mul32f                             #
#                            -e_Mul64fHw32Ptr=_Mul64fPtr) -D_STACK_SIZE=A0     #
#                            -rt                                               #
#                            "D:\IAR Systems\430\lib\dlib\dl430xllfn.r43"      #
#                            -D_DATA16_HEAP_SIZE=A0 -s __program_start         #
#                            -D_DATA20_HEAP_SIZE=50)                           #
#                                                                              #
#                           Copyright (C) 1987-2016 IAR Systems AB.            #
################################################################################





                ****************************************
                *                                      *
                *           CROSS REFERENCE            *
                *                                      *
                ****************************************

       Program entry at :           5C00  Relocatable, from module : ?cstart




                ****************************************
                *                                      *
                *            RUNTIME MODEL             *
                *                                      *
                ****************************************

  __Heap_Handler             = Basic
  __SystemLibrary            = DLib
  __code_model               = large
  __core                     = 430X
  __data_model               = large
  __dlib_file_descriptor     = 0
  __dlib_full_locale_support = 0
  __double_size              = 32
  __pic                      = no
  __reg_r4                   = free
  __reg_r5                   = free
  __rt_version               = 3

                ****************************************
                *                                      *
                *    AUTOMATIC SYMBOL REDIRECTIONS     *
                *                                      *
                ****************************************

                  There are no automatic symbol redirections.



                ****************************************
                *                                      *
                *              MODULE MAP              *
                *                                      *
                ****************************************


  DEFINED ABSOLUTE ENTRIES
    *************************************************************************

  DEFINED ABSOLUTE ENTRIES
  PROGRAM MODULE, NAME : ?ABS_ENTRY_MOD

Absolute parts
           ENTRY                   ADDRESS         REF BY
           =====                   =======         ======
           _DATA20_HEAP_SIZE       0050 
           _DATA16_HEAP_SIZE       00A0 
           _STACK_SIZE             00A0 
           __iar_HWMUL             04C0 
           ?CPU30_OFFSET           0002 
    *************************************************************************

  FILE NAME : D:\IAR Systems\BG-Sensor-master\PPG\Debug\Obj\ADC.r43
  PROGRAM MODULE, NAME : ADC

  SEGMENTS IN THE MODULE
  ======================
DATA16_AN
  Relative segment, address: 0700 - 0701 (0x2 bytes), align: 0
  Segment part 1. ROOT        Intra module refs:   ADC_Ini
                                                   TIMER1_A0_ISR (TIMER)
           ENTRY                   ADDRESS         REF BY
           =====                   =======         ======
           _A_ADC12CTL0_L          0700 
           LOCAL                   ADDRESS         
           =====                   =======         
           ADC12CTL0               0700 
           ADC12CTL0_H             0701 
           ADC12CTL0_L             0700 
    -------------------------------------------------------------------------
DATA16_AN
  Relative segment, address: 0702 - 0703 (0x2 bytes), align: 0
  Segment part 2. ROOT        Intra module refs:   ADC_Ini
           ENTRY                   ADDRESS         REF BY
           =====                   =======         ======
           _A_ADC12CTL1_L          0702 
           LOCAL                   ADDRESS         
           =====                   =======         
           ADC12CTL1               0702 
           ADC12CTL1_H             0703 
           ADC12CTL1_L             0702 
    -------------------------------------------------------------------------
DATA16_AN
  Relative segment, address: 070C - 070D (0x2 bytes), align: 0
  Segment part 3. ROOT        Intra module refs:   ADC_Ini
           ENTRY                   ADDRESS         REF BY
           =====                   =======         ======
           _A_ADC12IE_L            070C 
           LOCAL                   ADDRESS         
           =====                   =======         
           ADC12IE                 070C 
           ADC12IE_H               070D 
           ADC12IE_L               070C 
    -------------------------------------------------------------------------
DATA16_AN
  Relative segment, address: 0720 - 0721 (0x2 bytes), align: 0
  Segment part 4. ROOT        Intra module refs:   ADC12ISR
           ENTRY                   ADDRESS         REF BY
           =====                   =======         ======
           _A_ADC12MEM0_L          0720 
           LOCAL                   ADDRESS         
           =====                   =======         
           ADC12MEM0               0720 
           ADC12MEM0_H             0721 
           ADC12MEM0_L             0720 
    -------------------------------------------------------------------------
DATA16_AN
  Relative segment, address: 0710 - 0710 (0x1 bytes), align: 0
  Segment part 5. ROOT        Intra module refs:   ADC_Ini
           ENTRY                   ADDRESS         REF BY
           =====                   =======         ======
           ADC12MCTL0              0710 
    -------------------------------------------------------------------------
DATA16_AN
  Relative segment, address: 0140 - 0141 (0x2 bytes), align: 0
  Segment part 6. ROOT        Intra module refs:   ADC12ISR
                                                   Flashclear
           ENTRY                   ADDRESS         REF BY
           =====                   =======         ======
           _A_FCTL1_L              0140 
           LOCAL                   ADDRESS         
           =====                   =======         
           FCTL1                   0140 
           FCTL1_H                 0141 
           FCTL1_L                 0140 
    -------------------------------------------------------------------------
DATA16_AN
  Relative segment, address: 0144 - 0145 (0x2 bytes), align: 0
  Segment part 7. ROOT        Intra module refs:   ADC12ISR
           ENTRY                   ADDRESS         REF BY
           =====                   =======         ======
           _A_FCTL3_L              0144 
           LOCAL                   ADDRESS         
           =====                   =======         
           FCTL3                   0144 
           FCTL3_H                 0145 
           FCTL3_L                 0144 
    -------------------------------------------------------------------------
DATA16_AN
  Relative segment, address: 024A - 024B (0x2 bytes), align: 0
  Segment part 8. ROOT        Intra module refs:   ADC_Ini
           ENTRY                   ADDRESS         REF BY
           =====                   =======         ======
           _A_PCSEL_L              024A 
           LOCAL                   ADDRESS         
           =====                   =======         
           PCSEL                   024A 
           PCSEL_H                 024B 
           PCSEL_L                 024A 
    -------------------------------------------------------------------------
DATA20_Z
  Relative segment, address: 1C04 - 1C07 (0x4 bytes), align: 1
  Segment part 11.            Intra module refs:   ADC12ISR
                                                   Flashclear
           ENTRY                   ADDRESS         REF BY
           =====                   =======         ======
           Flash_ptrA              1C04 
    -------------------------------------------------------------------------
<CODE> 1 (was CODE)
  Relative segment, address: 6222 - 6249 (0x28 bytes), align: 1
  Segment part 13.
           ENTRY                   ADDRESS         REF BY
           =====                   =======         ======
           ADC_Ini                 6222            main (main)
    -------------------------------------------------------------------------
<CODE> 1 (was CODE)
  Relative segment, address: 624A - 626D (0x24 bytes), align: 1
  Segment part 14.
           ENTRY                   ADDRESS         REF BY
           =====                   =======         ======
           Flashclear              624A            keyProc (GPIO)
    -------------------------------------------------------------------------
ISR_CODE
  Relative segment, address: 5C30 - 5C7D (0x4e bytes), align: 1
  Segment part 15.            Intra module refs:   ADC12ISR::??INTVEC 110
           ENTRY                   ADDRESS         REF BY
           =====                   =======         ======
           ADC12ISR                5C30 
               interrupt function
    -------------------------------------------------------------------------
DATA20_Z
  Relative segment, address: 1C08 - 1C09 (0x2 bytes), align: 1
  Segment part 12.            Intra module refs:   ADC12ISR
           LOCAL                   ADDRESS         
           =====                   =======         
           ADC12ISR::cont          1C08 
    -------------------------------------------------------------------------
INTVEC
  Common segment, address: FF80 - FFEF (0x70 bytes), align: 1
  Segment part 9. ROOT 
           ENTRY                   ADDRESS         REF BY
           =====                   =======         ======
           ADC12ISR::??INTVEC 110
                                   FFEE 

    *************************************************************************

  FILE NAME : D:\IAR Systems\BG-Sensor-master\PPG\Debug\Obj\GPIO.r43
  PROGRAM MODULE, NAME : GPIO

  SEGMENTS IN THE MODULE
  ======================
DATA16_AN
  Relative segment, address: 0200 - 0201 (0x2 bytes), align: 0
  Segment part 1. ROOT        Intra module refs:   keyProc
           ENTRY                   ADDRESS         REF BY
           =====                   =======         ======
           _A_PAIN_L               0200 
           LOCAL                   ADDRESS         
           =====                   =======         
           PAIN                    0200 
           PAIN_H                  0201 
           PAIN_L                  0200 
    -------------------------------------------------------------------------
DATA16_AN
  Relative segment, address: 0202 - 0203 (0x2 bytes), align: 0
  Segment part 2. ROOT        Intra module refs:   GPIO_Ini
           ENTRY                   ADDRESS         REF BY
           =====                   =======         ======
           _A_PAOUT_L              0202 
           LOCAL                   ADDRESS         
           =====                   =======         
           PAOUT                   0202 
           PAOUT_H                 0203 
           PAOUT_L                 0202 
    -------------------------------------------------------------------------
DATA16_AN
  Relative segment, address: 0204 - 0205 (0x2 bytes), align: 0
  Segment part 3. ROOT        Intra module refs:   GPIO_Ini
           ENTRY                   ADDRESS         REF BY
           =====                   =======         ======
           _A_PADIR_L              0204 
           LOCAL                   ADDRESS         
           =====                   =======         
           PADIR                   0204 
           PADIR_H                 0205 
           PADIR_L                 0204 
    -------------------------------------------------------------------------
DATA16_AN
  Relative segment, address: 0218 - 0219 (0x2 bytes), align: 0
  Segment part 4. ROOT        Intra module refs:   GPIO_Ini
           ENTRY                   ADDRESS         REF BY
           =====                   =======         ======
           _A_PAIES_L              0218 
           LOCAL                   ADDRESS         
           =====                   =======         
           PAIES                   0218 
           PAIES_H                 0219 
           PAIES_L                 0218 
    -------------------------------------------------------------------------
DATA16_AN
  Relative segment, address: 021A - 021B (0x2 bytes), align: 0
  Segment part 5. ROOT        Intra module refs:   GPIO_Ini
           ENTRY                   ADDRESS         REF BY
           =====                   =======         ======
           _A_PAIE_L               021A 
           LOCAL                   ADDRESS         
           =====                   =======         
           PAIE                    021A 
           PAIE_H                  021B 
           PAIE_L                  021A 
    -------------------------------------------------------------------------
DATA16_AN
  Relative segment, address: 021C - 021D (0x2 bytes), align: 0
  Segment part 6. ROOT        Intra module refs:   GPIO_Ini
                                                   Port_1
           ENTRY                   ADDRESS         REF BY
           =====                   =======         ======
           _A_PAIFG_L              021C 
           LOCAL                   ADDRESS         
           =====                   =======         
           PAIFG                   021C 
           PAIFG_H                 021D 
           PAIFG_L                 021C 
    -------------------------------------------------------------------------
DATA20_I
  Relative segment, address: 1C00 - 1C01 (0x2 bytes), align: 1
  Segment part 10.            Intra module refs:   Port_1
                                                   keyProc
           ENTRY                   ADDRESS         REF BY
           =====                   =======         ======
           key_step                1C00 
    -------------------------------------------------------------------------
<CODE> 1 (was CODE)
  Relative segment, address: 62D4 - 62E9 (0x16 bytes), align: 1
  Segment part 12.
           ENTRY                   ADDRESS         REF BY
           =====                   =======         ======
           GPIO_Ini                62D4            main (main)
    -------------------------------------------------------------------------
ISR_CODE
  Relative segment, address: 5C7E - 5C97 (0x1a bytes), align: 1
  Segment part 14.            Intra module refs:   Port_1::??INTVEC 94
           ENTRY                   ADDRESS         REF BY
           =====                   =======         ======
           Port_1                  5C7E 
               interrupt function
    -------------------------------------------------------------------------
<CODE> 1 (was CODE)
  Relative segment, address: 60F4 - 6143 (0x50 bytes), align: 1
  Segment part 13.
           ENTRY                   ADDRESS         REF BY
           =====                   =======         ======
           keyProc                 60F4            main (main)
               calls direct
    -------------------------------------------------------------------------
INTVEC
  Common segment, address: FF80 - FFDF (0x60 bytes), align: 1
  Segment part 7. ROOT 
           ENTRY                   ADDRESS         REF BY
           =====                   =======         ======
           Port_1::??INTVEC 94     FFDE 
    -------------------------------------------------------------------------
DATA20_ID
  Relative segment, address: 630C - 630D (0x2 bytes), align: 1
  Segment part 11.            Intra module refs:   key_step

    *************************************************************************

  FILE NAME : D:\IAR Systems\BG-Sensor-master\PPG\Debug\Obj\main.r43
  PROGRAM MODULE, NAME : main

  SEGMENTS IN THE MODULE
  ======================
DATA16_AN
  Relative segment, address: 0120 - 0121 (0x2 bytes), align: 0
  Segment part 1. ROOT        Intra module refs:   SetVcoreUp
           ENTRY                   ADDRESS         REF BY
           =====                   =======         ======
           _A_PMMCTL0_L            0120 
           LOCAL                   ADDRESS         
           =====                   =======         
           PMMCTL0                 0120 
           PMMCTL0_H               0121 
           PMMCTL0_L               0120 
    -------------------------------------------------------------------------
DATA16_AN
  Relative segment, address: 0124 - 0125 (0x2 bytes), align: 0
  Segment part 2. ROOT        Intra module refs:   SetVcoreUp
           ENTRY                   ADDRESS         REF BY
           =====                   =======         ======
           _A_SVSMHCTL_L           0124 
           LOCAL                   ADDRESS         
           =====                   =======         
           SVSMHCTL                0124 
           SVSMHCTL_H              0125 
           SVSMHCTL_L              0124 
    -------------------------------------------------------------------------
DATA16_AN
  Relative segment, address: 0126 - 0127 (0x2 bytes), align: 0
  Segment part 3. ROOT        Intra module refs:   SetVcoreUp
           ENTRY                   ADDRESS         REF BY
           =====                   =======         ======
           _A_SVSMLCTL_L           0126 
           LOCAL                   ADDRESS         
           =====                   =======         
           SVSMLCTL                0126 
           SVSMLCTL_H              0127 
           SVSMLCTL_L              0126 
    -------------------------------------------------------------------------
DATA16_AN
  Relative segment, address: 012C - 012D (0x2 bytes), align: 0
  Segment part 4. ROOT        Intra module refs:   SetVcoreUp
           ENTRY                   ADDRESS         REF BY
           =====                   =======         ======
           _A_PMMIFG_L             012C 
           LOCAL                   ADDRESS         
           =====                   =======         
           PMMIFG                  012C 
           PMMIFG_H                012D 
           PMMIFG_L                012C 
    -------------------------------------------------------------------------
DATA16_AN
  Relative segment, address: 0102 - 0103 (0x2 bytes), align: 0
  Segment part 5. ROOT        Intra module refs:   main
           ENTRY                   ADDRESS         REF BY
           =====                   =======         ======
           _A_SFRIFG1_L            0102 
           LOCAL                   ADDRESS         
           =====                   =======         
           SFRIFG1                 0102 
           SFRIFG1_H               0103 
           SFRIFG1_L               0102 
    -------------------------------------------------------------------------
DATA16_AN
  Relative segment, address: 0160 - 0161 (0x2 bytes), align: 0
  Segment part 6. ROOT        Intra module refs:   main
           ENTRY                   ADDRESS         REF BY
           =====                   =======         ======
           _A_UCSCTL0_L            0160 
           LOCAL                   ADDRESS         
           =====                   =======         
           UCSCTL0                 0160 
           UCSCTL0_H               0161 
           UCSCTL0_L               0160 
    -------------------------------------------------------------------------
DATA16_AN
  Relative segment, address: 0162 - 0163 (0x2 bytes), align: 0
  Segment part 7. ROOT        Intra module refs:   main
           ENTRY                   ADDRESS         REF BY
           =====                   =======         ======
           _A_UCSCTL1_L            0162 
           LOCAL                   ADDRESS         
           =====                   =======         
           UCSCTL1                 0162 
           UCSCTL1_H               0163 
           UCSCTL1_L               0162 
    -------------------------------------------------------------------------
DATA16_AN
  Relative segment, address: 0164 - 0165 (0x2 bytes), align: 0
  Segment part 8. ROOT        Intra module refs:   main
           ENTRY                   ADDRESS         REF BY
           =====                   =======         ======
           _A_UCSCTL2_L            0164 
           LOCAL                   ADDRESS         
           =====                   =======         
           UCSCTL2                 0164 
           UCSCTL2_H               0165 
           UCSCTL2_L               0164 
    -------------------------------------------------------------------------
DATA16_AN
  Relative segment, address: 0166 - 0167 (0x2 bytes), align: 0
  Segment part 9. ROOT        Intra module refs:   main
           ENTRY                   ADDRESS         REF BY
           =====                   =======         ======
           _A_UCSCTL3_L            0166 
           LOCAL                   ADDRESS         
           =====                   =======         
           UCSCTL3                 0166 
           UCSCTL3_H               0167 
           UCSCTL3_L               0166 
    -------------------------------------------------------------------------
DATA16_AN
  Relative segment, address: 0168 - 0169 (0x2 bytes), align: 0
  Segment part 10. ROOT       Intra module refs:   main
           ENTRY                   ADDRESS         REF BY
           =====                   =======         ======
           _A_UCSCTL4_L            0168 
           LOCAL                   ADDRESS         
           =====                   =======         
           UCSCTL4                 0168 
           UCSCTL4_H               0169 
           UCSCTL4_L               0168 
    -------------------------------------------------------------------------
DATA16_AN
  Relative segment, address: 016E - 016F (0x2 bytes), align: 0
  Segment part 11. ROOT       Intra module refs:   main
           ENTRY                   ADDRESS         REF BY
           =====                   =======         ======
           _A_UCSCTL7_L            016E 
           LOCAL                   ADDRESS         
           =====                   =======         
           UCSCTL7                 016E 
           UCSCTL7_H               016F 
           UCSCTL7_L               016E 
    -------------------------------------------------------------------------
DATA16_AN
  Relative segment, address: 015C - 015D (0x2 bytes), align: 0
  Segment part 12. ROOT       Intra module refs:   main
           ENTRY                   ADDRESS         REF BY
           =====                   =======         ======
           _A_WDTCTL_L             015C 
           LOCAL                   ADDRESS         
           =====                   =======         
           WDTCTL                  015C 
           WDTCTL_H                015D 
           WDTCTL_L                015C 
    -------------------------------------------------------------------------
DATA20_Z
  Relative segment, address: 1C0A - 1C0B (0x2 bytes), align: 1
  Segment part 14.
           ENTRY                   ADDRESS         REF BY
           =====                   =======         ======
           DataEmpty               1C0A            ADC12ISR (ADC)
                                                   TIMER1_A0_ISR (TIMER)
                                                   keyProc (GPIO)
    -------------------------------------------------------------------------
<CODE> 1 (was CODE)
  Relative segment, address: 602E - 609D (0x70 bytes), align: 1
  Segment part 16.
           ENTRY                   ADDRESS         REF BY
           =====                   =======         ======
           main                    602E            Segment part 26 (?cstart)
               calls direct
    -------------------------------------------------------------------------
<CODE> 1 (was CODE)
  Relative segment, address: 609E - 60F3 (0x56 bytes), align: 1
  Segment part 15.            Intra module refs:   main
           ENTRY                   ADDRESS         REF BY
           =====                   =======         ======
           SetVcoreUp              609E 

    *************************************************************************

  FILE NAME : D:\IAR Systems\BG-Sensor-master\PPG\Debug\Obj\TIMER.r43
  PROGRAM MODULE, NAME : TIMER

  SEGMENTS IN THE MODULE
  ======================
DATA16_AN
  Relative segment, address: 0224 - 0225 (0x2 bytes), align: 0
  Segment part 2. ROOT        Intra module refs:   LED2PWM_Ini
           ENTRY                   ADDRESS         REF BY
           =====                   =======         ======
           _A_PBDIR_L              0224 
           LOCAL                   ADDRESS         
           =====                   =======         
           PBDIR                   0224 
           PBDIR_H                 0225 
           PBDIR_L                 0224 
    -------------------------------------------------------------------------
DATA16_AN
  Relative segment, address: 022A - 022B (0x2 bytes), align: 0
  Segment part 3. ROOT        Intra module refs:   LED2PWM_Ini
                                                   UART_Ini (UART)
           ENTRY                   ADDRESS         REF BY
           =====                   =======         ======
           _A_PBSEL_L              022A 
           LOCAL                   ADDRESS         
           =====                   =======         
           PBSEL                   022A 
           PBSEL_H                 022B 
           PBSEL_L                 022A 
    -------------------------------------------------------------------------
DATA16_AN
  Relative segment, address: 0264 - 0265 (0x2 bytes), align: 0
  Segment part 4. ROOT        Intra module refs:   LED1PWM_Ini
           ENTRY                   ADDRESS         REF BY
           =====                   =======         ======
           _A_PDDIR_L              0264 
           LOCAL                   ADDRESS         
           =====                   =======         
           PDDIR                   0264 
           PDDIR_H                 0265 
           PDDIR_L                 0264 
    -------------------------------------------------------------------------
DATA16_AN
  Relative segment, address: 026A - 026B (0x2 bytes), align: 0
  Segment part 5. ROOT        Intra module refs:   LED1PWM_Ini
           ENTRY                   ADDRESS         REF BY
           =====                   =======         ======
           _A_PDSEL_L              026A 
           LOCAL                   ADDRESS         
           =====                   =======         
           PDSEL                   026A 
           PDSEL_H                 026B 
           PDSEL_L                 026A 
    -------------------------------------------------------------------------
DATA16_AN
  Relative segment, address: 0340 - 0341 (0x2 bytes), align: 0
  Segment part 6. ROOT        Intra module refs:   LED1PWM_Ini
           ENTRY                   ADDRESS         REF BY
           =====                   =======         ======
           TA0CTL                  0340 
    -------------------------------------------------------------------------
DATA16_AN
  Relative segment, address: 0344 - 0345 (0x2 bytes), align: 0
  Segment part 7. ROOT        Intra module refs:   LED1PWM_Ini
           ENTRY                   ADDRESS         REF BY
           =====                   =======         ======
           TA0CCTL1                0344 
    -------------------------------------------------------------------------
DATA16_AN
  Relative segment, address: 0346 - 0347 (0x2 bytes), align: 0
  Segment part 8. ROOT        Intra module refs:   LED1PWM_Ini
           ENTRY                   ADDRESS         REF BY
           =====                   =======         ======
           TA0CCTL2                0346 
    -------------------------------------------------------------------------
DATA16_AN
  Relative segment, address: 0348 - 0349 (0x2 bytes), align: 0
  Segment part 9. ROOT        Intra module refs:   LED1PWM_Ini
           ENTRY                   ADDRESS         REF BY
           =====                   =======         ======
           TA0CCTL3                0348 
    -------------------------------------------------------------------------
DATA16_AN
  Relative segment, address: 034A - 034B (0x2 bytes), align: 0
  Segment part 10. ROOT       Intra module refs:   LED1PWM_Ini
           ENTRY                   ADDRESS         REF BY
           =====                   =======         ======
           TA0CCTL4                034A 
    -------------------------------------------------------------------------
DATA16_AN
  Relative segment, address: 0352 - 0353 (0x2 bytes), align: 0
  Segment part 11. ROOT       Intra module refs:   LED1PWM_Ini
           ENTRY                   ADDRESS         REF BY
           =====                   =======         ======
           TA0CCR0                 0352 
    -------------------------------------------------------------------------
DATA16_AN
  Relative segment, address: 0354 - 0355 (0x2 bytes), align: 0
  Segment part 12. ROOT       Intra module refs:   LED1PWM_Ini
           ENTRY                   ADDRESS         REF BY
           =====                   =======         ======
           TA0CCR1                 0354 
    -------------------------------------------------------------------------
DATA16_AN
  Relative segment, address: 0356 - 0357 (0x2 bytes), align: 0
  Segment part 13. ROOT       Intra module refs:   LED1PWM_Ini
           ENTRY                   ADDRESS         REF BY
           =====                   =======         ======
           TA0CCR2                 0356 
    -------------------------------------------------------------------------
DATA16_AN
  Relative segment, address: 0358 - 0359 (0x2 bytes), align: 0
  Segment part 14. ROOT       Intra module refs:   LED1PWM_Ini
           ENTRY                   ADDRESS         REF BY
           =====                   =======         ======
           TA0CCR3                 0358 
    -------------------------------------------------------------------------
DATA16_AN
  Relative segment, address: 035A - 035B (0x2 bytes), align: 0
  Segment part 15. ROOT       Intra module refs:   LED1PWM_Ini
           ENTRY                   ADDRESS         REF BY
           =====                   =======         ======
           TA0CCR4                 035A 
    -------------------------------------------------------------------------
DATA16_AN
  Relative segment, address: 0380 - 0381 (0x2 bytes), align: 0
  Segment part 16. ROOT       Intra module refs:   TIMER_Ini
           ENTRY                   ADDRESS         REF BY
           =====                   =======         ======
           TA1CTL                  0380 
    -------------------------------------------------------------------------
DATA16_AN
  Relative segment, address: 0382 - 0383 (0x2 bytes), align: 0
  Segment part 17. ROOT       Intra module refs:   TIMER_Ini
           ENTRY                   ADDRESS         REF BY
           =====                   =======         ======
           TA1CCTL0                0382 
    -------------------------------------------------------------------------
DATA16_AN
  Relative segment, address: 0392 - 0393 (0x2 bytes), align: 0
  Segment part 18. ROOT       Intra module refs:   TIMER_Ini
           ENTRY                   ADDRESS         REF BY
           =====                   =======         ======
           TA1CCR0                 0392 
    -------------------------------------------------------------------------
DATA16_AN
  Relative segment, address: 03C0 - 03C1 (0x2 bytes), align: 0
  Segment part 19. ROOT       Intra module refs:   LED2PWM_Ini
           ENTRY                   ADDRESS         REF BY
           =====                   =======         ======
           TB0CTL                  03C0 
    -------------------------------------------------------------------------
DATA16_AN
  Relative segment, address: 03C4 - 03C5 (0x2 bytes), align: 0
  Segment part 20. ROOT       Intra module refs:   LED2PWM_Ini
           ENTRY                   ADDRESS         REF BY
           =====                   =======         ======
           TB0CCTL1                03C4 
    -------------------------------------------------------------------------
DATA16_AN
  Relative segment, address: 03C6 - 03C7 (0x2 bytes), align: 0
  Segment part 21. ROOT       Intra module refs:   LED2PWM_Ini
           ENTRY                   ADDRESS         REF BY
           =====                   =======         ======
           TB0CCTL2                03C6 
    -------------------------------------------------------------------------
DATA16_AN
  Relative segment, address: 03C8 - 03C9 (0x2 bytes), align: 0
  Segment part 22. ROOT       Intra module refs:   LED2PWM_Ini
           ENTRY                   ADDRESS         REF BY
           =====                   =======         ======
           TB0CCTL3                03C8 
    -------------------------------------------------------------------------
DATA16_AN
  Relative segment, address: 03CA - 03CB (0x2 bytes), align: 0
  Segment part 23. ROOT       Intra module refs:   LED2PWM_Ini
           ENTRY                   ADDRESS         REF BY
           =====                   =======         ======
           TB0CCTL4                03CA 
    -------------------------------------------------------------------------
DATA16_AN
  Relative segment, address: 03D2 - 03D3 (0x2 bytes), align: 0
  Segment part 24. ROOT       Intra module refs:   LED2PWM_Ini
           ENTRY                   ADDRESS         REF BY
           =====                   =======         ======
           TB0CCR0                 03D2 
    -------------------------------------------------------------------------
DATA16_AN
  Relative segment, address: 03D4 - 03D5 (0x2 bytes), align: 0
  Segment part 25. ROOT       Intra module refs:   LED2PWM_Ini
           ENTRY                   ADDRESS         REF BY
           =====                   =======         ======
           TB0CCR1                 03D4 
    -------------------------------------------------------------------------
DATA16_AN
  Relative segment, address: 03D6 - 03D7 (0x2 bytes), align: 0
  Segment part 26. ROOT       Intra module refs:   LED2PWM_Ini
           ENTRY                   ADDRESS         REF BY
           =====                   =======         ======
           TB0CCR2                 03D6 
    -------------------------------------------------------------------------
DATA16_AN
  Relative segment, address: 03D8 - 03D9 (0x2 bytes), align: 0
  Segment part 27. ROOT       Intra module refs:   LED2PWM_Ini
           ENTRY                   ADDRESS         REF BY
           =====                   =======         ======
           TB0CCR3                 03D8 
    -------------------------------------------------------------------------
DATA16_AN
  Relative segment, address: 03DA - 03DB (0x2 bytes), align: 0
  Segment part 28. ROOT       Intra module refs:   LED2PWM_Ini
           ENTRY                   ADDRESS         REF BY
           =====                   =======         ======
           TB0CCR4                 03DA 
    -------------------------------------------------------------------------
DATA20_Z
  Relative segment, address: 1C0C - 1C0D (0x2 bytes), align: 1
  Segment part 31.            Intra module refs:   TIMER1_A0_ISR
           ENTRY                   ADDRESS         REF BY
           =====                   =======         ======
           ledshift                1C0C 
    -------------------------------------------------------------------------
DATA20_Z
  Relative segment, address: 1C0E - 1C0F (0x2 bytes), align: 1
  Segment part 32.            Intra module refs:   TIMER1_A0_ISR
           ENTRY                   ADDRESS         REF BY
           =====                   =======         ======
           tick100us               1C0E 
    -------------------------------------------------------------------------
DATA20_Z
  Relative segment, address: 1C10 - 1C11 (0x2 bytes), align: 1
  Segment part 33.            Intra module refs:   TIMER1_A0_ISR
           ENTRY                   ADDRESS         REF BY
           =====                   =======         ======
           keytick                 1C10            Port_1 (GPIO)
                                                   keyProc (GPIO)
    -------------------------------------------------------------------------
<CODE> 1 (was CODE)
  Relative segment, address: 628A - 62A3 (0x1a bytes), align: 1
  Segment part 36.
           ENTRY                   ADDRESS         REF BY
           =====                   =======         ======
           TIMER_Ini               628A            main (main)
               calls direct
    -------------------------------------------------------------------------
<CODE> 1 (was CODE)
  Relative segment, address: 6144 - 6185 (0x42 bytes), align: 1
  Segment part 35.            Intra module refs:   TIMER_Ini
           ENTRY                   ADDRESS         REF BY
           =====                   =======         ======
           LED1PWM_Ini             6144 
    -------------------------------------------------------------------------
<CODE> 1 (was CODE)
  Relative segment, address: 6186 - 61C7 (0x42 bytes), align: 1
  Segment part 34.            Intra module refs:   TIMER_Ini
           ENTRY                   ADDRESS         REF BY
           =====                   =======         ======
           LED2PWM_Ini             6186 
    -------------------------------------------------------------------------
ISR_CODE
  Relative segment, address: 5C98 - 5CE9 (0x52 bytes), align: 1
  Segment part 38.            Intra module refs:   TIMER1_A0_ISR::??INTVEC 98
           ENTRY                   ADDRESS         REF BY
           =====                   =======         ======
           TIMER1_A0_ISR           5C98 
               interrupt function
               calls direct
    -------------------------------------------------------------------------
INTVEC
  Common segment, address: FF80 - FFE3 (0x64 bytes), align: 1
  Segment part 29. ROOT 
           ENTRY                   ADDRESS         REF BY
           =====                   =======         ======
           TIMER1_A0_ISR::??INTVEC 98
                                   FFE2 

    *************************************************************************

  FILE NAME : D:\IAR Systems\BG-Sensor-master\PPG\Debug\Obj\UART.r43
  PROGRAM MODULE, NAME : UART

  SEGMENTS IN THE MODULE
  ======================
DATA16_AN
  Relative segment, address: 05C0 - 05C1 (0x2 bytes), align: 0
  Segment part 2. ROOT        Intra module refs:   UART_Ini
           ENTRY                   ADDRESS         REF BY
           =====                   =======         ======
           _A_UCA0CTLW0_L          05C0 
           LOCAL                   ADDRESS         
           =====                   =======         
           UCA0CTLW0               05C0 
           UCA0CTLW0_H             05C1 
           UCA0CTLW0_L             05C0 
    -------------------------------------------------------------------------
DATA16_AN
  Relative segment, address: 05C6 - 05C7 (0x2 bytes), align: 0
  Segment part 3. ROOT        Intra module refs:   UART_Ini
           ENTRY                   ADDRESS         REF BY
           =====                   =======         ======
           _A_UCA0BRW_L            05C6 
           LOCAL                   ADDRESS         
           =====                   =======         
           UCA0BRW                 05C6 
           UCA0BRW_H               05C7 
           UCA0BRW_L               05C6 
    -------------------------------------------------------------------------
DATA16_AN
  Relative segment, address: 05C8 - 05C8 (0x1 bytes), align: 0
  Segment part 4. ROOT        Intra module refs:   UART_Ini
           ENTRY                   ADDRESS         REF BY
           =====                   =======         ======
           UCA0MCTL                05C8 
    -------------------------------------------------------------------------
DATA16_AN
  Relative segment, address: 05CA - 05CA (0x1 bytes), align: 0
  Segment part 5. ROOT 
           ENTRY                   ADDRESS         REF BY
           =====                   =======         ======
           UCA0STAT                05CA 
    -------------------------------------------------------------------------
DATA16_AN
  Relative segment, address: 05CC - 05CC (0x1 bytes), align: 0
  Segment part 6. ROOT        Intra module refs:   USCI_A0_ISR
           ENTRY                   ADDRESS         REF BY
           =====                   =======         ======
           UCA0RXBUF               05CC 
    -------------------------------------------------------------------------
DATA16_AN
  Relative segment, address: 05CE - 05CE (0x1 bytes), align: 0
  Segment part 7. ROOT 
           ENTRY                   ADDRESS         REF BY
           =====                   =======         ======
           UCA0TXBUF               05CE 
    -------------------------------------------------------------------------
DATA16_AN
  Relative segment, address: 05DC - 05DD (0x2 bytes), align: 0
  Segment part 8. ROOT        Intra module refs:   UART_Ini
           ENTRY                   ADDRESS         REF BY
           =====                   =======         ======
           _A_UCA0ICTL_L           05DC 
           LOCAL                   ADDRESS         
           =====                   =======         
           UCA0ICTL                05DC 
           UCA0ICTL_H              05DD 
           UCA0ICTL_L              05DC 
    -------------------------------------------------------------------------
<CODE> 1 (was CODE)
  Relative segment, address: 61F8 - 6221 (0x2a bytes), align: 1
  Segment part 13.
           ENTRY                   ADDRESS         REF BY
           =====                   =======         ======
           UART_Ini                61F8            main (main)
    -------------------------------------------------------------------------
<CODE> 1 (was CODE)
  Relative segment, address: 5CFC - 602D (0x332 bytes), align: 1
  Segment part 14.            Intra module refs:   USCI_A0_ISR
           ENTRY                   ADDRESS         REF BY
           =====                   =======         ======
           UARTRx                  5CFC 
    -------------------------------------------------------------------------
DATA20_I
  Relative segment, address: 1C02 - 1C03 (0x2 bytes), align: 1
  Segment part 11.            Intra module refs:   UARTRx
           LOCAL                   ADDRESS         
           =====                   =======         
           UARTRx::datastep        1C02 
    -------------------------------------------------------------------------
ISR_CODE
  Relative segment, address: 5CEA - 5CFB (0x12 bytes), align: 1
  Segment part 16.            Intra module refs:   USCI_A0_ISR::??INTVEC 114
           ENTRY                   ADDRESS         REF BY
           =====                   =======         ======
           USCI_A0_ISR             5CEA 
               interrupt function
               calls direct
    -------------------------------------------------------------------------
INTVEC
  Common segment, address: FF80 - FFF3 (0x74 bytes), align: 1
  Segment part 9. ROOT 
           ENTRY                   ADDRESS         REF BY
           =====                   =======         ======
           USCI_A0_ISR::??INTVEC 114
                                   FFF2 
    -------------------------------------------------------------------------
DATA20_ID
  Relative segment, address: 630E - 630F (0x2 bytes), align: 1
  Segment part 12.            Intra module refs:   UARTRx::datastep

    *************************************************************************

  FILE NAME : D:\IAR Systems\430\lib\dlib\dl430xllfn.r43
  LIBRARY MODULE, NAME : ?__dbg_break

  SEGMENTS IN THE MODULE
  ======================
<CODE> 1 (was CODE)
  Relative segment, address: 630A - 630B (0x2 bytes), align: 1
  Segment part 2.
           ENTRY                   ADDRESS         REF BY
           =====                   =======         ======
           __DebugBreak            630A            __exit (?__exit)

    -------------------------------------------------------------------------
  LIBRARY MODULE, NAME : ?__exit

  SEGMENTS IN THE MODULE
  ======================
<CODE> 1 (was CODE)
  Relative segment, address: 62EA - 62FD (0x14 bytes), align: 1
  Segment part 2.
           ENTRY                   ADDRESS         REF BY
           =====                   =======         ======
           __exit                  62EA            Segment part 6 (?_exit)
                                                   _exit (?_exit)
               calls direct

    -------------------------------------------------------------------------
  LIBRARY MODULE, NAME : ?_exit

  SEGMENTS IN THE MODULE
  ======================
<CODE> 1 (was CODE)
  Relative segment, address: 62FE, align: 1
  Segment part 0.
           ENTRY                   ADDRESS         REF BY
           =====                   =======         ======
           _exit                   62FE            exit (?exit)
    -------------------------------------------------------------------------
<CODE> 1 (was CODE)
  Relative segment, address: 62FE - 6301 (0x4 bytes), align: 1
  Segment part 6.             Intra module refs:   _exit

    -------------------------------------------------------------------------
  LIBRARY MODULE, NAME : ?cstart

  SEGMENTS IN THE MODULE
  ======================
CSTACK
  Relative segment, address: 5B60, align: 1
  Segment part 1.
    -------------------------------------------------------------------------
CODE_I
  Relative segment, address: 1C00, align: 1
  Segment part 5.
    -------------------------------------------------------------------------
CODE_ID
  Relative segment, address: 6310, align: 1
  Segment part 6.
    -------------------------------------------------------------------------
DATA20_Z
  Relative segment, address: 1C12, align: 1
  Segment part 7.
    -------------------------------------------------------------------------
DATA20_I
  Relative segment, address: 1C04, align: 1
  Segment part 8.
    -------------------------------------------------------------------------
DATA20_ID
  Relative segment, address: 6310, align: 1
  Segment part 9.
    -------------------------------------------------------------------------
DATA20_C
  Relative segment, address: 630C, align: 1
  Segment part 10.
    -------------------------------------------------------------------------
DATA20_N
  Relative segment, address: 1C12, align: 1
  Segment part 12.
    -------------------------------------------------------------------------
CSTART
  Relative segment, address: 5C00 - 5C03 (0x4 bytes), align: 1
  Segment part 15.
           ENTRY                   ADDRESS         REF BY
           =====                   =======         ======
           __program_start         5C00            ?reset_vector (?reset_vector)
                                                   Absolute parts (?ABS_ENTRY_MOD)
           ?cstart_begin           5C00 
    -------------------------------------------------------------------------
CSTART
  Relative segment, address: 5C04 - 5C13 (0x10 bytes), align: 1
  Segment part 21.
           ENTRY                   ADDRESS         REF BY
           =====                   =======         ======
           ?cstart_init_zero20     5C04            ADC12ISR::cont (ADC)
                                                   DataEmpty (main)
                                                   Flash_ptrA (ADC)
                                                   keytick (TIMER)
                                                   ledshift (TIMER)
                                                   tick100us (TIMER)
    -------------------------------------------------------------------------
CSTART
  Relative segment, address: 5C14 - 5C27 (0x14 bytes), align: 1
  Segment part 22.
           ENTRY                   ADDRESS         REF BY
           =====                   =======         ======
           ?cstart_init_copy20     5C14            UARTRx::datastep (UART)
                                                   key_step (GPIO)
    -------------------------------------------------------------------------
CSTART
  Relative segment, address: 5C28 - 5C2F (0x8 bytes), align: 1
  Segment part 26.            Intra module refs:   Segment part 15
           ENTRY                   ADDRESS         REF BY
           =====                   =======         ======
           ?cstart_call_main       5C28 
           ?cstart_end             5C30 
    -------------------------------------------------------------------------
CODE_ID
  Relative segment, address: 6310, align: 1
  Segment part 27.            Intra module refs:   Segment part 5

    -------------------------------------------------------------------------
  LIBRARY MODULE, NAME : ?reset_vector

  SEGMENTS IN THE MODULE
  ======================
RESET
  Relative segment, address: FFFE - FFFF (0x2 bytes), align: 1
  Segment part 0.
           ENTRY                   ADDRESS         REF BY
           =====                   =======         ======
           ?reset_vector           FFFE            Segment part 15 (?cstart)

    -------------------------------------------------------------------------
  LIBRARY MODULE, NAME : ?exit

  SEGMENTS IN THE MODULE
  ======================
<CODE> 1 (was CODE)
  Relative segment, address: 6302 - 6305 (0x4 bytes), align: 1
  Segment part 2.
           ENTRY                   ADDRESS         REF BY
           =====                   =======         ======
           exit                    6302            Segment part 26 (?cstart)
               calls direct

    -------------------------------------------------------------------------
  LIBRARY MODULE, NAME : ?DivMod816u

  SEGMENTS IN THE MODULE
  ======================
<CODE> 1 (was CODE)
  Relative segment, address: 62BC - 62D3 (0x18 bytes), align: 1
  Segment part 1.
           ENTRY                   ADDRESS         REF BY
           =====                   =======         ======
           ?DivMod16u              62BC            ?DivMod16s (?DivMod816s)

    -------------------------------------------------------------------------
  LIBRARY MODULE, NAME : ?DivMod816s

  SEGMENTS IN THE MODULE
  ======================
<CODE> 1 (was CODE)
  Relative segment, address: 61C8 - 61F7 (0x30 bytes), align: 1
  Segment part 1.
           ENTRY                   ADDRESS         REF BY
           =====                   =======         ======
           ?DivMod16s              61C8            TIMER1_A0_ISR (TIMER)

    -------------------------------------------------------------------------
  LIBRARY MODULE, NAME : ?memcpy

  SEGMENTS IN THE MODULE
  ======================
<CODE> 1 (was CODE)
  Relative segment, address: 626E - 6289 (0x1c bytes), align: 1
  Segment part 2.
           ENTRY                   ADDRESS         REF BY
           =====                   =======         ======
           memcpy                  626E            __data20_memcpy (?memzero)

    -------------------------------------------------------------------------
  LIBRARY MODULE, NAME : ?memzero

  SEGMENTS IN THE MODULE
  ======================
<CODE> 1 (was CODE)
  Relative segment, address: 62A4 - 62BB (0x18 bytes), align: 1
  Segment part 5.
           ENTRY                   ADDRESS         REF BY
           =====                   =======         ======
           __data20_memzero        62A4            ?cstart_init_zero20 (?cstart)
    -------------------------------------------------------------------------
<CODE> 1 (was CODE)
  Relative segment, address: 6306 - 6309 (0x4 bytes), align: 1
  Segment part 6.
           ENTRY                   ADDRESS         REF BY
           =====                   =======         ======
           __data20_memcpy         6306            ?cstart_init_copy20 (?cstart)
               calls direct




                ****************************************
                *                                      *
                *      SEGMENTS IN ADDRESS ORDER       *
                *                                      *
                ****************************************


SEGMENT              SPACE    START ADDRESS   END ADDRESS     SIZE  TYPE  ALIGN
=======              =====    =============   ===========     ====  ====  =====
DATA16_AN                              0102 - 0103               2   rel    0
                                       0120 - 0121               2 
                                       0124 - 0127               4 
                                       012C - 012D               2 
                                       0140 - 0141               2 
                                       0144 - 0145               2 
                                       015C - 015D               2 
                                       0160 - 0169               A 
                                       016E - 016F               2 
                                       0200 - 0205               6 
                                       0218 - 021D               6 
                                       0224 - 0225               2 
                                       022A - 022B               2 
                                       024A - 024B               2 
                                       0264 - 0265               2 
                                       026A - 026B               2 
                                       0340 - 0341               2 
                                       0344 - 034B               8 
                                       0352 - 035B               A 
                                       0380 - 0383               4 
                                       0392 - 0393               2 
                                       03C0 - 03C1               2 
                                       03C4 - 03CB               8 
                                       03D2 - 03DB               A 
                                       05C0 - 05C1               2 
                                       05C6 - 05C8               3 
                                       05CA - 05CA               1 
                                       05CC - 05CC               1 
                                       05CE - 05CE               1 
                                       05DC - 05DD               2 
                                       0700 - 0703               4 
                                       070C - 070D               2 
                                       0710 - 0710               1 
                                       0720 - 0721               2 
CODE_I                                    1C00                       rel    1
DATA20_I                               1C00 - 1C03               4   rel    1
DATA20_Z                               1C04 - 1C11               E   rel    1
DATA20_N                                  1C12                       rel    1
CSTACK                                 5B60 - 5BFF              A0   rel    1
CSTART                                 5C00 - 5C2F              30   rel    1
ISR_CODE                               5C30 - 5CFB              CC   rel    1
<CODE> 1                               5CFC - 630B             610   rel    1
DATA20_C                                  630C                       rel    1
DATA20_ID                              630C - 630F               4   rel    1
CODE_ID                                   6310                       rel    1
INTVEC                                 FF80 - FFF3              74   com    1
RESET                                  FFFE - FFFF               2   rel    1

                ****************************************
                *                                      *
                *        END OF CROSS REFERENCE        *
                *                                      *
                ****************************************

 1 922 bytes of CODE  memory
   178 bytes of DATA  memory (+ 115 absolute )
     4 bytes of CONST memory

Errors: none
Warnings: none

